# Generated by bower-ignore, please DO NOT modify
# = Bower Ignore Begin
bower_components/comp1/*
!bower_components/comp1/dist
bower_components/comp2/*
!bower_components/comp2/dist
# = Bower Ignore End
# = Bower Ignore End
