{
  "out": [
    "bower_components/bootstrap/*",
    "!bower_components/bootstrap/dist/"
  ]
}
