{
  "bootstrap": {
    "ignore": [],
    "unignore": []
  },
  "font-awesome": {
    "ignore": [],
    "unignore": []
  }
}
