{
  "bootstrap": {
    "ignore": ["*"],
    "unignore": ["dist/"]
  },
  "font-awesome": {
    "ignore": [],
    "unignore": []
  },
  "test": {
    "ignore": [],
    "unignore": []
  }
}
